SIZE = SMALL

EDGES: [0,1] [0,3] [1,2] [2,3] [4,5] [6,5] [7,5] [8,5] [8,9] [6,9] [2,7]
CORE_EDGES: [1,a] [1,b]

AS 0 v 0-3
AS 1 n 4-9

MAP
- - - - - - - - - - - - - - - - - - - - - - -
- - - - - - - - - - - - - - - - - - - - - - -
- - - - - - - - - - - - - - - - - - - - - - -
- - - - - - - - - - - - - - - - - - - - - - -
- - - - - - - - - - - - 4 - - - 6 - - - - - -
- - - - - - a - - - - - - - - - - - - - - - -
- - - - - - - - - - - - - - 5 - - - 9 - - - -
- - - - - - - - - b - - - - - - - - - - - - -
- - - - - - 1 - - - - - 7 - - - 8 - - - - - -
- - - - - - - - - - - - - - - - - - - - - - -
- - - - 0 - - - 2 - - - - - - - - - - - - - -
- - - - - - - - - - - - - - - - - - - - - - -
- - - - - - 3 - - - - - - - - - - - - - - - -
- - - - - - - - - - - - - - - - - - - - - - -
- - - - - - - - - - - - - - - - - - - - - - -
- - - - - - - - - - - - - - - - - - - - - - -
- - - - - - - - - - - - - - - - - - - - - - -
- - - - - - - - - - - - - - - - - - - - - - -
- - - - - - - - - - - - - - - - - - - - - - -
- - - - - - - - - - - - - - - - - - - - - - -
- - - - - - - - - - - - - - - - - - - - - - -
- - - - - - - - - - - - - - - - - - - - - - -
ENDMAP

USER Server,1 AlgorithmFactory,2 SoftwareUpdater,3
AI Server,9 DOS,5 DOS,5 DOS,8 DOS,8 DOS,8 DOS,6 PingOfDeath,5 PingOfDeath,4 PingOfDeath,4 Server,9

PSTARTRESEARCH
AISTARTRESEARCH

AVAILRESEARCH port_scanner