SIZE = MEDIUM

EDGES: [0,1] [0,19] [1,2] [1,8] [1,9] [1,7] [1,4] [2,3] [2,9] [4,7] [7,11] [8,11] [9,11] [10,11] [10,15] [11,20] [12,13] [13,15] [14,16] [15,16] [18,19] [20,21]
CORE_EDGES: [0,a] [0,b] [14,e] [18,f] [21,g]

AS 0 v 0-4 7-11
AS 1 n 12-16
AS 2 v 18-19
AS 3 n 20 21

MAP 32 32
- - - - - - - - - - - - - - - - - - - - - - - - - - - - - - - -
- - - - - - - - - - - - - - - - - e - - - - - - - - - - - - - -
- - - - - - - - - - - - - - - - - - - - - - - - - - - - - - - -
- - - - - - - - - - - - - - - - - - - - - - - - - - - - - - - -
- - - - - - - - - - - - - - - 14 - 16 - 12 - 13 - - - - - - - - - -
- - - - - - - - - - - - - - - - - - - - - - - - - - - - - - - -
f - 18 - - - - - - - - - - - - - - - - - 15 - - - - - - - - - - -
- - - - - - - - - - - - - - - - - - - - - - - - - - - - - - - -
- - - - - - - - - - - - - - - - - - - - - - - - - - - - - - - -
- - 19 - - - - - - - - - - - - - - - - - - - - - - - - - - - - -
- - - - - - - - - - - - - - - - - - - - - - - - - - - - - - - -
- - - - - - - - - - - - - - - - - - - - - - - - - - - - - - - -
- - - - - - - - - - - - - - - - - - - - - - - - - - - - - - - -
- - - - - - - - - - - - - - - - - 6 - - - - - - - - - - - - - -
- - - - - - - - - - - - - - - - - - - - - - - - - - - - - - - -
- - - - - - - - - - - - - - - - - - - - - 5 - - - - - - - - - -
- - - - - - - - - - - - - - - - - - - - - - - - - - - - - - - -
- - - - - 0 - - - - - - - 3 - - - - - - - - - - - - - - - - - -
- - - - - - - - - - - - - - - - - - - - - - - - - - - - - - - -
- - - - - - - - - - - 2 - - - 10 - - - - - - - - - - - - - - - -
- - - - b - a - - - - - - - - - - - - - - - - - - - - - - - - -
- - - - - - - - - 1 - - - 9 - - - - - - - - - - - - - - - - - -
- - - - - - - - - - - - - - - - - - - - - - - - - - - - - - - -
- - - - - - - 4 - - - 8 - - - - - - - - - - - - - - - - - - - -
- - - - - - - - - - - - - - - 11 - - - - - - - - - - - - - - - -
- - - - - - - - - 7 - - - - - - - - - - - - - - - - - - - - - -
- - - - - - - - - - - - - - - - - - - - - - - - - - - - - - - -
- - - - - - - - - - - - - - - - - - - - - - - - - - - - g - - -
- - - - - - - - - - - - - - - - - - - - - - - - - 20 - - - - - -
- - - - - - - - - - - - - - - - - - - - - - - - - - - - - - - -
- - - - - - - - - - - - - - - - - - - - - - - - - - - 21 - - - -
- - - - - - - - - - - - - - - - - - - - - - - - - - - - - - - -
ENDMAP